warning: constant evaluation error
  --> $DIR/const-expr-addr-operator.rs:17:5
   |
17 | /     assert_eq!(0, match &22 {
18 | |         X => 0,
19 | |         _ => 1,
20 | |     });
   | |_______^ machine error: "Pointer arithmetic or comparison" needs an rfc before being allowed inside constants
   |
   = note: #[warn(const_err)] on by default
note: inside call to main
  --> $DIR/const-expr-addr-operator.rs:14:1
   |
14 | / pub fn main() {
15 | |     // Constant of generic type (int)
16 | |     const X: &'static u32 = &22;
17 | |     assert_eq!(0, match &22 {
...  |
20 | |     });
21 | | }
   | |_^
   = note: this error originates in a macro outside of the current crate (in Nightly builds, run with -Z external-macro-backtrace for more info)

